[2021-01-10T14:19:27.172+0100][gc,heap] Heap region size: 1M
[2021-01-10T14:19:27.179+0100][gc     ] Using G1
[2021-01-10T14:19:27.179+0100][gc,heap,coops] Heap address: 0x00000000c0000000, size: 1024 MB, Compressed Oops mode: 32-bit
[2021-01-10T14:19:28.061+0100][gc,start     ] GC(0) Pause Young (Concurrent Start) (Metadata GC Threshold)
[2021-01-10T14:19:28.061+0100][gc,task      ] GC(0) Using 8 workers of 8 for evacuation
[2021-01-10T14:19:28.074+0100][gc,phases    ] GC(0)   Pre Evacuate Collection Set: 0.0ms
[2021-01-10T14:19:28.074+0100][gc,phases    ] GC(0)   Evacuate Collection Set: 12.3ms
[2021-01-10T14:19:28.074+0100][gc,phases    ] GC(0)   Post Evacuate Collection Set: 0.5ms
[2021-01-10T14:19:28.074+0100][gc,phases    ] GC(0)   Other: 0.8ms
[2021-01-10T14:19:28.074+0100][gc,heap      ] GC(0) Eden regions: 41->0(44)
[2021-01-10T14:19:28.074+0100][gc,heap      ] GC(0) Survivor regions: 0->7(7)
[2021-01-10T14:19:28.074+0100][gc,heap      ] GC(0) Old regions: 0->0
[2021-01-10T14:19:28.074+0100][gc,heap      ] GC(0) Humongous regions: 0->0
[2021-01-10T14:19:28.074+0100][gc,metaspace ] GC(0) Metaspace: 20605K->20605K(1069056K)
[2021-01-10T14:19:28.074+0100][gc           ] GC(0) Pause Young (Concurrent Start) (Metadata GC Threshold) 41M->6M(1024M) 13.627ms
[2021-01-10T14:19:28.074+0100][gc,cpu       ] GC(0) User=0.04s Sys=0.00s Real=0.02s
[2021-01-10T14:19:28.074+0100][gc           ] GC(1) Concurrent Cycle
[2021-01-10T14:19:28.074+0100][gc,marking   ] GC(1) Concurrent Clear Claimed Marks
[2021-01-10T14:19:28.074+0100][gc,marking   ] GC(1) Concurrent Clear Claimed Marks 0.027ms
[2021-01-10T14:19:28.074+0100][gc,marking   ] GC(1) Concurrent Scan Root Regions
[2021-01-10T14:19:28.076+0100][gc,marking   ] GC(1) Concurrent Scan Root Regions 1.511ms
[2021-01-10T14:19:28.076+0100][gc,marking   ] GC(1) Concurrent Mark (0.907s)
[2021-01-10T14:19:28.076+0100][gc,marking   ] GC(1) Concurrent Mark From Roots
[2021-01-10T14:19:28.076+0100][gc,task      ] GC(1) Using 2 workers of 2 for marking
[2021-01-10T14:19:28.076+0100][gc,marking   ] GC(1) Concurrent Mark From Roots 0.456ms
[2021-01-10T14:19:28.076+0100][gc,marking   ] GC(1) Concurrent Preclean
[2021-01-10T14:19:28.076+0100][gc,marking   ] GC(1) Concurrent Preclean 0.079ms
[2021-01-10T14:19:28.076+0100][gc,marking   ] GC(1) Concurrent Mark (0.907s, 0.907s) 0.563ms
[2021-01-10T14:19:28.076+0100][gc,start     ] GC(1) Pause Remark
[2021-01-10T14:19:28.082+0100][gc,stringtable] GC(1) Cleaned string and symbol table, strings: 7454 processed, 0 removed, symbols: 63300 processed, 32 removed
[2021-01-10T14:19:28.082+0100][gc            ] GC(1) Pause Remark 6M->6M(1024M) 5.370ms
[2021-01-10T14:19:28.082+0100][gc,cpu        ] GC(1) User=0.03s Sys=0.00s Real=0.00s
[2021-01-10T14:19:28.082+0100][gc,marking    ] GC(1) Concurrent Rebuild Remembered Sets
[2021-01-10T14:19:28.082+0100][gc,marking    ] GC(1) Concurrent Rebuild Remembered Sets 0.077ms
[2021-01-10T14:19:28.082+0100][gc,start      ] GC(1) Pause Cleanup
[2021-01-10T14:19:28.082+0100][gc            ] GC(1) Pause Cleanup 6M->6M(1024M) 0.160ms
[2021-01-10T14:19:28.082+0100][gc,cpu        ] GC(1) User=0.00s Sys=0.00s Real=0.00s
[2021-01-10T14:19:28.082+0100][gc,marking    ] GC(1) Concurrent Cleanup for Next Mark
[2021-01-10T14:19:28.086+0100][gc,marking    ] GC(1) Concurrent Cleanup for Next Mark 3.352ms
[2021-01-10T14:19:28.086+0100][gc            ] GC(1) Concurrent Cycle 11.348ms
[2021-01-10T14:19:28.828+0100][gc,start      ] GC(2) Pause Young (Normal) (G1 Evacuation Pause)
[2021-01-10T14:19:28.828+0100][gc,task       ] GC(2) Using 8 workers of 8 for evacuation
[2021-01-10T14:19:28.834+0100][gc,phases     ] GC(2)   Pre Evacuate Collection Set: 0.0ms
[2021-01-10T14:19:28.834+0100][gc,phases     ] GC(2)   Evacuate Collection Set: 5.8ms
[2021-01-10T14:19:28.834+0100][gc,phases     ] GC(2)   Post Evacuate Collection Set: 0.6ms
[2021-01-10T14:19:28.834+0100][gc,phases     ] GC(2)   Other: 0.2ms
[2021-01-10T14:19:28.834+0100][gc,heap       ] GC(2) Eden regions: 44->0(49)
[2021-01-10T14:19:28.834+0100][gc,heap       ] GC(2) Survivor regions: 7->2(7)
[2021-01-10T14:19:28.834+0100][gc,heap       ] GC(2) Old regions: 0->7
[2021-01-10T14:19:28.834+0100][gc,heap       ] GC(2) Humongous regions: 129->129
[2021-01-10T14:19:28.834+0100][gc,metaspace  ] GC(2) Metaspace: 30666K->30666K(1077248K)
[2021-01-10T14:19:28.834+0100][gc            ] GC(2) Pause Young (Normal) (G1 Evacuation Pause) 179M->137M(1024M) 6.699ms
[2021-01-10T14:19:28.834+0100][gc,cpu        ] GC(2) User=0.03s Sys=0.00s Real=0.01s
[2021-01-10T14:19:29.011+0100][gc,start      ] GC(3) Pause Young (Concurrent Start) (Metadata GC Threshold)
[2021-01-10T14:19:29.011+0100][gc,task       ] GC(3) Using 8 workers of 8 for evacuation
[2021-01-10T14:19:29.013+0100][gc,phases     ] GC(3)   Pre Evacuate Collection Set: 0.1ms
[2021-01-10T14:19:29.013+0100][gc,phases     ] GC(3)   Evacuate Collection Set: 2.2ms
[2021-01-10T14:19:29.013+0100][gc,phases     ] GC(3)   Post Evacuate Collection Set: 0.3ms
[2021-01-10T14:19:29.013+0100][gc,phases     ] GC(3)   Other: 0.2ms
[2021-01-10T14:19:29.013+0100][gc,heap       ] GC(3) Eden regions: 18->0(48)
[2021-01-10T14:19:29.013+0100][gc,heap       ] GC(3) Survivor regions: 2->3(7)
[2021-01-10T14:19:29.013+0100][gc,heap       ] GC(3) Old regions: 7->7
[2021-01-10T14:19:29.013+0100][gc,heap       ] GC(3) Humongous regions: 129->129
[2021-01-10T14:19:29.013+0100][gc,metaspace  ] GC(3) Metaspace: 34643K->34643K(1081344K)
[2021-01-10T14:19:29.014+0100][gc            ] GC(3) Pause Young (Concurrent Start) (Metadata GC Threshold) 155M->138M(1024M) 2.776ms
[2021-01-10T14:19:29.014+0100][gc,cpu        ] GC(3) User=0.01s Sys=0.00s Real=0.01s
[2021-01-10T14:19:29.014+0100][gc            ] GC(4) Concurrent Cycle
[2021-01-10T14:19:29.014+0100][gc,marking    ] GC(4) Concurrent Clear Claimed Marks
[2021-01-10T14:19:29.014+0100][gc,marking    ] GC(4) Concurrent Clear Claimed Marks 0.028ms
[2021-01-10T14:19:29.014+0100][gc,marking    ] GC(4) Concurrent Scan Root Regions
[2021-01-10T14:19:29.015+0100][gc,marking    ] GC(4) Concurrent Scan Root Regions 0.927ms
[2021-01-10T14:19:29.015+0100][gc,marking    ] GC(4) Concurrent Mark (1.845s)
[2021-01-10T14:19:29.015+0100][gc,marking    ] GC(4) Concurrent Mark From Roots
[2021-01-10T14:19:29.015+0100][gc,task       ] GC(4) Using 2 workers of 2 for marking
[2021-01-10T14:19:29.019+0100][gc,marking    ] GC(4) Concurrent Mark From Roots 4.478ms
[2021-01-10T14:19:29.019+0100][gc,marking    ] GC(4) Concurrent Preclean
[2021-01-10T14:19:29.019+0100][gc,marking    ] GC(4) Concurrent Preclean 0.138ms
[2021-01-10T14:19:29.019+0100][gc,marking    ] GC(4) Concurrent Mark (1.845s, 1.850s) 4.662ms
[2021-01-10T14:19:29.019+0100][gc,start      ] GC(4) Pause Remark
[2021-01-10T14:19:29.023+0100][gc,stringtable] GC(4) Cleaned string and symbol table, strings: 10749 processed, 8 removed, symbols: 95560 processed, 13 removed
[2021-01-10T14:19:29.023+0100][gc            ] GC(4) Pause Remark 138M->138M(1024M) 3.960ms
[2021-01-10T14:19:29.023+0100][gc,cpu        ] GC(4) User=0.02s Sys=0.00s Real=0.00s
[2021-01-10T14:19:29.023+0100][gc,marking    ] GC(4) Concurrent Rebuild Remembered Sets
[2021-01-10T14:19:29.027+0100][gc,marking    ] GC(4) Concurrent Rebuild Remembered Sets 3.245ms
[2021-01-10T14:19:29.027+0100][gc,start      ] GC(4) Pause Cleanup
[2021-01-10T14:19:29.027+0100][gc            ] GC(4) Pause Cleanup 139M->139M(1024M) 0.200ms
[2021-01-10T14:19:29.027+0100][gc,cpu        ] GC(4) User=0.00s Sys=0.00s Real=0.00s
[2021-01-10T14:19:29.027+0100][gc,marking    ] GC(4) Concurrent Cleanup for Next Mark
[2021-01-10T14:19:29.031+0100][gc,marking    ] GC(4) Concurrent Cleanup for Next Mark 4.069ms
[2021-01-10T14:19:29.031+0100][gc            ] GC(4) Concurrent Cycle 17.634ms
[2021-01-10T14:19:29.955+0100][gc,start      ] GC(5) Pause Young (Normal) (G1 Evacuation Pause)
[2021-01-10T14:19:29.955+0100][gc,task       ] GC(5) Using 8 workers of 8 for evacuation
[2021-01-10T14:19:29.974+0100][gc,phases     ] GC(5)   Pre Evacuate Collection Set: 0.0ms
[2021-01-10T14:19:29.974+0100][gc,phases     ] GC(5)   Evacuate Collection Set: 17.4ms
[2021-01-10T14:19:29.974+0100][gc,phases     ] GC(5)   Post Evacuate Collection Set: 0.9ms
[2021-01-10T14:19:29.974+0100][gc,phases     ] GC(5)   Other: 0.3ms
[2021-01-10T14:19:29.974+0100][gc,heap       ] GC(5) Eden regions: 48->0(44)
[2021-01-10T14:19:29.974+0100][gc,heap       ] GC(5) Survivor regions: 3->7(7)
[2021-01-10T14:19:29.974+0100][gc,heap       ] GC(5) Old regions: 7->7
[2021-01-10T14:19:29.974+0100][gc,heap       ] GC(5) Humongous regions: 129->129
[2021-01-10T14:19:29.974+0100][gc,metaspace  ] GC(5) Metaspace: 43896K->43896K(1089536K)
[2021-01-10T14:19:29.974+0100][gc            ] GC(5) Pause Young (Normal) (G1 Evacuation Pause) 186M->141M(1024M) 18.693ms
[2021-01-10T14:19:29.974+0100][gc,cpu        ] GC(5) User=0.06s Sys=0.01s Real=0.02s
[2021-01-10T14:20:12.631+0100][gc,heap,exit  ] Heap
[2021-01-10T14:20:12.631+0100][gc,heap,exit  ]  garbage-first heap   total 1048576K, used 175069K [0x00000000c0000000, 0x0000000100000000)
[2021-01-10T14:20:12.631+0100][gc,heap,exit  ]   region size 1024K, 37 young (37888K), 7 survivors (7168K)
[2021-01-10T14:20:12.631+0100][gc,heap,exit  ]  Metaspace       used 47939K, capacity 50043K, committed 50096K, reserved 1093632K
[2021-01-10T14:20:12.631+0100][gc,heap,exit  ]   class space    used 5874K, capacity 6902K, committed 6912K, reserved 1048576K
