[2021-01-10T14:19:27.926+0100][gc,heap] Heap region size: 1M
[2021-01-10T14:19:27.939+0100][gc     ] Using G1
[2021-01-10T14:19:27.939+0100][gc,heap,coops] Heap address: 0x00000000c0000000, size: 1024 MB, Compressed Oops mode: 32-bit
[2021-01-10T14:19:28.858+0100][gc,start     ] GC(0) Pause Young (Concurrent Start) (Metadata GC Threshold)
[2021-01-10T14:19:28.861+0100][gc,task      ] GC(0) Using 8 workers of 8 for evacuation
[2021-01-10T14:19:28.889+0100][gc,mmu       ] GC(0) MMU target violated: 21.0ms (20.0ms/21.0ms)
[2021-01-10T14:19:28.889+0100][gc,phases    ] GC(0)   Pre Evacuate Collection Set: 0.0ms
[2021-01-10T14:19:28.889+0100][gc,phases    ] GC(0)   Evacuate Collection Set: 27.0ms
[2021-01-10T14:19:28.889+0100][gc,phases    ] GC(0)   Post Evacuate Collection Set: 0.5ms
[2021-01-10T14:19:28.889+0100][gc,phases    ] GC(0)   Other: 2.9ms
[2021-01-10T14:19:28.889+0100][gc,heap      ] GC(0) Eden regions: 42->0(44)
[2021-01-10T14:19:28.889+0100][gc,heap      ] GC(0) Survivor regions: 0->7(7)
[2021-01-10T14:19:28.889+0100][gc,heap      ] GC(0) Old regions: 0->0
[2021-01-10T14:19:28.889+0100][gc,heap      ] GC(0) Humongous regions: 0->0
[2021-01-10T14:19:28.889+0100][gc,metaspace ] GC(0) Metaspace: 20810K->20810K(1069056K)
[2021-01-10T14:19:28.889+0100][gc           ] GC(0) Pause Young (Concurrent Start) (Metadata GC Threshold) 41M->6M(1024M) 30.442ms
[2021-01-10T14:19:28.889+0100][gc,cpu       ] GC(0) User=0.12s Sys=0.00s Real=0.03s
[2021-01-10T14:19:28.889+0100][gc           ] GC(1) Concurrent Cycle
[2021-01-10T14:19:28.889+0100][gc,marking   ] GC(1) Concurrent Clear Claimed Marks
[2021-01-10T14:19:28.889+0100][gc,marking   ] GC(1) Concurrent Clear Claimed Marks 0.032ms
[2021-01-10T14:19:28.889+0100][gc,marking   ] GC(1) Concurrent Scan Root Regions
[2021-01-10T14:19:28.892+0100][gc,marking   ] GC(1) Concurrent Scan Root Regions 3.083ms
[2021-01-10T14:19:28.892+0100][gc,marking   ] GC(1) Concurrent Mark (0.969s)
[2021-01-10T14:19:28.892+0100][gc,marking   ] GC(1) Concurrent Mark From Roots
[2021-01-10T14:19:28.892+0100][gc,task      ] GC(1) Using 2 workers of 2 for marking
[2021-01-10T14:19:28.893+0100][gc,marking   ] GC(1) Concurrent Mark From Roots 1.141ms
[2021-01-10T14:19:28.893+0100][gc,marking   ] GC(1) Concurrent Preclean
[2021-01-10T14:19:28.893+0100][gc,marking   ] GC(1) Concurrent Preclean 0.103ms
[2021-01-10T14:19:28.893+0100][gc,marking   ] GC(1) Concurrent Mark (0.969s, 0.970s) 1.296ms
[2021-01-10T14:19:28.893+0100][gc,start     ] GC(1) Pause Remark
[2021-01-10T14:19:28.899+0100][gc,stringtable] GC(1) Cleaned string and symbol table, strings: 7497 processed, 0 removed, symbols: 64367 processed, 36 removed
[2021-01-10T14:19:28.899+0100][gc            ] GC(1) Pause Remark 7M->7M(1024M) 5.972ms
[2021-01-10T14:19:28.899+0100][gc,cpu        ] GC(1) User=0.02s Sys=0.00s Real=0.00s
[2021-01-10T14:19:28.899+0100][gc,marking    ] GC(1) Concurrent Rebuild Remembered Sets
[2021-01-10T14:19:28.900+0100][gc,marking    ] GC(1) Concurrent Rebuild Remembered Sets 0.168ms
[2021-01-10T14:19:28.900+0100][gc,start      ] GC(1) Pause Cleanup
[2021-01-10T14:19:28.900+0100][gc            ] GC(1) Pause Cleanup 7M->7M(1024M) 0.237ms
[2021-01-10T14:19:28.900+0100][gc,cpu        ] GC(1) User=0.00s Sys=0.00s Real=0.00s
[2021-01-10T14:19:28.900+0100][gc,marking    ] GC(1) Concurrent Cleanup for Next Mark
[2021-01-10T14:19:28.904+0100][gc,marking    ] GC(1) Concurrent Cleanup for Next Mark 3.721ms
[2021-01-10T14:19:28.904+0100][gc            ] GC(1) Concurrent Cycle 15.056ms
[2021-01-10T14:19:29.811+0100][gc,start      ] GC(2) Pause Young (Normal) (G1 Evacuation Pause)
[2021-01-10T14:19:29.811+0100][gc,task       ] GC(2) Using 8 workers of 8 for evacuation
[2021-01-10T14:19:29.828+0100][gc,phases     ] GC(2)   Pre Evacuate Collection Set: 0.0ms
[2021-01-10T14:19:29.828+0100][gc,phases     ] GC(2)   Evacuate Collection Set: 16.7ms
[2021-01-10T14:19:29.828+0100][gc,phases     ] GC(2)   Post Evacuate Collection Set: 0.7ms
[2021-01-10T14:19:29.828+0100][gc,phases     ] GC(2)   Other: 0.2ms
[2021-01-10T14:19:29.828+0100][gc,heap       ] GC(2) Eden regions: 44->0(48)
[2021-01-10T14:19:29.828+0100][gc,heap       ] GC(2) Survivor regions: 7->3(7)
[2021-01-10T14:19:29.828+0100][gc,heap       ] GC(2) Old regions: 0->7
[2021-01-10T14:19:29.828+0100][gc,heap       ] GC(2) Humongous regions: 129->129
[2021-01-10T14:19:29.828+0100][gc,metaspace  ] GC(2) Metaspace: 30798K->30798K(1077248K)
[2021-01-10T14:19:29.828+0100][gc            ] GC(2) Pause Young (Normal) (G1 Evacuation Pause) 179M->137M(1024M) 17.704ms
[2021-01-10T14:19:29.828+0100][gc,cpu        ] GC(2) User=0.05s Sys=0.00s Real=0.02s
[2021-01-10T14:19:30.086+0100][gc,start      ] GC(3) Pause Young (Concurrent Start) (Metadata GC Threshold)
[2021-01-10T14:19:30.086+0100][gc,task       ] GC(3) Using 8 workers of 8 for evacuation
[2021-01-10T14:19:30.089+0100][gc,phases     ] GC(3)   Pre Evacuate Collection Set: 0.1ms
[2021-01-10T14:19:30.089+0100][gc,phases     ] GC(3)   Evacuate Collection Set: 2.7ms
[2021-01-10T14:19:30.089+0100][gc,phases     ] GC(3)   Post Evacuate Collection Set: 0.4ms
[2021-01-10T14:19:30.089+0100][gc,phases     ] GC(3)   Other: 0.2ms
[2021-01-10T14:19:30.089+0100][gc,heap       ] GC(3) Eden regions: 17->0(48)
[2021-01-10T14:19:30.089+0100][gc,heap       ] GC(3) Survivor regions: 3->3(7)
[2021-01-10T14:19:30.089+0100][gc,heap       ] GC(3) Old regions: 7->7
[2021-01-10T14:19:30.089+0100][gc,heap       ] GC(3) Humongous regions: 129->129
[2021-01-10T14:19:30.090+0100][gc,metaspace  ] GC(3) Metaspace: 34822K->34822K(1081344K)
[2021-01-10T14:19:30.090+0100][gc            ] GC(3) Pause Young (Concurrent Start) (Metadata GC Threshold) 154M->137M(1024M) 3.454ms
[2021-01-10T14:19:30.090+0100][gc,cpu        ] GC(3) User=0.01s Sys=0.00s Real=0.00s
[2021-01-10T14:19:30.090+0100][gc            ] GC(4) Concurrent Cycle
[2021-01-10T14:19:30.090+0100][gc,marking    ] GC(4) Concurrent Clear Claimed Marks
[2021-01-10T14:19:30.090+0100][gc,marking    ] GC(4) Concurrent Clear Claimed Marks 0.018ms
[2021-01-10T14:19:30.090+0100][gc,marking    ] GC(4) Concurrent Scan Root Regions
[2021-01-10T14:19:30.091+0100][gc,marking    ] GC(4) Concurrent Scan Root Regions 1.309ms
[2021-01-10T14:19:30.091+0100][gc,marking    ] GC(4) Concurrent Mark (2.168s)
[2021-01-10T14:19:30.091+0100][gc,marking    ] GC(4) Concurrent Mark From Roots
[2021-01-10T14:19:30.091+0100][gc,task       ] GC(4) Using 2 workers of 2 for marking
[2021-01-10T14:19:30.098+0100][gc,marking    ] GC(4) Concurrent Mark From Roots 6.740ms
[2021-01-10T14:19:30.098+0100][gc,marking    ] GC(4) Concurrent Preclean
[2021-01-10T14:19:30.098+0100][gc,marking    ] GC(4) Concurrent Preclean 0.157ms
[2021-01-10T14:19:30.098+0100][gc,marking    ] GC(4) Concurrent Mark (2.168s, 2.175s) 6.952ms
[2021-01-10T14:19:30.100+0100][gc,start      ] GC(4) Pause Remark
[2021-01-10T14:19:30.105+0100][gc,stringtable] GC(4) Cleaned string and symbol table, strings: 10790 processed, 8 removed, symbols: 95720 processed, 12 removed
[2021-01-10T14:19:30.106+0100][gc            ] GC(4) Pause Remark 138M->138M(1024M) 5.328ms
[2021-01-10T14:19:30.106+0100][gc,cpu        ] GC(4) User=0.02s Sys=0.00s Real=0.01s
[2021-01-10T14:19:30.106+0100][gc,marking    ] GC(4) Concurrent Rebuild Remembered Sets
[2021-01-10T14:19:30.109+0100][gc,marking    ] GC(4) Concurrent Rebuild Remembered Sets 3.580ms
[2021-01-10T14:19:30.110+0100][gc,start      ] GC(4) Pause Cleanup
[2021-01-10T14:19:30.110+0100][gc            ] GC(4) Pause Cleanup 138M->138M(1024M) 0.235ms
[2021-01-10T14:19:30.110+0100][gc,cpu        ] GC(4) User=0.00s Sys=0.00s Real=0.00s
[2021-01-10T14:19:30.110+0100][gc,marking    ] GC(4) Concurrent Cleanup for Next Mark
[2021-01-10T14:19:30.124+0100][gc,marking    ] GC(4) Concurrent Cleanup for Next Mark 13.900ms
[2021-01-10T14:19:30.124+0100][gc            ] GC(4) Concurrent Cycle 34.289ms
[2021-01-10T14:19:39.336+0100][gc,start      ] GC(5) Pause Young (Normal) (G1 Evacuation Pause)
[2021-01-10T14:19:39.336+0100][gc,task       ] GC(5) Using 8 workers of 8 for evacuation
[2021-01-10T14:19:39.346+0100][gc,phases     ] GC(5)   Pre Evacuate Collection Set: 0.0ms
[2021-01-10T14:19:39.346+0100][gc,phases     ] GC(5)   Evacuate Collection Set: 8.8ms
[2021-01-10T14:19:39.346+0100][gc,phases     ] GC(5)   Post Evacuate Collection Set: 0.6ms
[2021-01-10T14:19:39.346+0100][gc,phases     ] GC(5)   Other: 0.2ms
[2021-01-10T14:19:39.346+0100][gc,heap       ] GC(5) Eden regions: 48->0(44)
[2021-01-10T14:19:39.346+0100][gc,heap       ] GC(5) Survivor regions: 3->7(7)
[2021-01-10T14:19:39.346+0100][gc,heap       ] GC(5) Old regions: 7->7
[2021-01-10T14:19:39.346+0100][gc,heap       ] GC(5) Humongous regions: 129->129
[2021-01-10T14:19:39.346+0100][gc,metaspace  ] GC(5) Metaspace: 43751K->43751K(1089536K)
[2021-01-10T14:19:39.346+0100][gc            ] GC(5) Pause Young (Normal) (G1 Evacuation Pause) 185M->141M(1024M) 9.706ms
[2021-01-10T14:19:39.346+0100][gc,cpu        ] GC(5) User=0.05s Sys=0.00s Real=0.01s
[2021-01-10T14:20:11.468+0100][gc,heap,exit  ] Heap
[2021-01-10T14:20:11.468+0100][gc,heap,exit  ]  garbage-first heap   total 1048576K, used 160627K [0x00000000c0000000, 0x0000000100000000)
[2021-01-10T14:20:11.468+0100][gc,heap,exit  ]   region size 1024K, 24 young (24576K), 7 survivors (7168K)
[2021-01-10T14:20:11.468+0100][gc,heap,exit  ]  Metaspace       used 45863K, capacity 47613K, committed 47872K, reserved 1091584K
[2021-01-10T14:20:11.468+0100][gc,heap,exit  ]   class space    used 5327K, capacity 6103K, committed 6144K, reserved 1048576K
